// Jest Snapshot v1, https://goo.gl/fbAQLP

exports[`SelectableLink renders currectly 1`] = `
<View
  accessible={true}
  isTVSelectable={true}
  onResponderGrant={[Function]}
  onResponderMove={[Function]}
  onResponderRelease={[Function]}
  onResponderTerminate={[Function]}
  onResponderTerminationRequest={[Function]}
  onStartShouldSetResponder={[Function]}
  style={
    Object {
      "flex": 1,
    }
  }
>
  <View
    selected={true}
    style={null}
  />
</View>
`;
